
devapi.v4v.app/v2/v4vapp/keepsats?useCache=false&transactions=false&admin=false:1  Failed to load resource: the server responded with a status of 401 ()
 [AUTH-DEBUG] === Response ERROR intercepted === url: /v2/v4vapp/keepsats status: 401 instance base: https://devapi.v4v.app/
 [AUTH-DEBUG] >>> 401/403 intercepted on: /v2/v4vapp/keepsats
 [auth] 401 received — attempting silent refresh via HttpOnly cookie
 [AUTH-DEBUG] Calling POST /auth/refresh (relying on HttpOnly cookie)
 [AUTH-DEBUG] Outgoing auth-related request: POST /auth/refresh
 [AUTH-DEBUG] /auth/refresh response status: 200
 [AUTH-DEBUG] /auth/refresh response data: Object
 [AUTH-DEBUG] Silent refresh SUCCESS — got new access token
 [AUTH-DEBUG] Silent refresh token owner (from JWT): brianoflondon
 [DEBUG-KeepSats] Successfully fetched and set currentKeepSats for brianoflondon net_sats: 2222
 Updating API status...
 API status updated: Proxy(Object)
 [AUTH-DEBUG] expireCheck() running... (checking for legacy expires only)
 storeUser.js: update called for brianoflondon
 storeUser.js: useHiveDetails returned Object
 [DEBUG-KeepSats] Successfully fetched and set currentKeepSats for brianoflondon net_sats: 2222
 [AUTH-DEBUG] expireCheck() running... (checking for legacy expires only)
 storeUser.js: update called for brianoflondon
 storeUser.js: useHiveDetails returned Object
 [DEBUG-KeepSats] Successfully fetched and set currentKeepSats for brianoflondon net_sats: 2222
 Updating API status...
 API status updated: Proxy(Object)
 [AUTH-DEBUG] expireCheck() running... (checking for legacy expires only)
 storeUser.js: update called for brianoflondon
 storeUser.js: useHiveDetails returned Object
 [DEBUG-KeepSats] Successfully fetched and set currentKeepSats for brianoflondon net_sats: 2222
 [AUTH-DEBUG] expireCheck() running... (checking for legacy expires only)
 storeUser.js: update called for brianoflondon
 storeUser.js: useHiveDetails returned Object
 [DEBUG-KeepSats] Successfully fetched and set currentKeepSats for brianoflondon net_sats: 2222
 Updating API status...
 API status updated: Proxy(Object)
 [AUTH-DEBUG] expireCheck() running... (checking for legacy expires only)
 storeUser.js: update called for brianoflondon
 storeUser.js: useHiveDetails returned Object
 [DEBUG-KeepSats] Successfully fetched and set currentKeepSats for brianoflondon net_sats: 2222
 [AUTH-DEBUG] expireCheck() running... (checking for legacy expires only)
 storeUser.js: update called for brianoflondon
 storeUser.js: useHiveDetails returned Object
devapi.v4v.app/v2/v4vapp/keepsats?useCache=false&transactions=false&admin=false:1  Failed to load resource: the server responded with a status of 401 ()
 [AUTH-DEBUG] === Response ERROR intercepted === url: /v2/v4vapp/keepsats status: 401 instance base: https://devapi.v4v.app/
 [AUTH-DEBUG] >>> 401/403 intercepted on: /v2/v4vapp/keepsats
 [auth] 401 received — attempting silent refresh via HttpOnly cookie
 [AUTH-DEBUG] Calling POST /auth/refresh (relying on HttpOnly cookie)
 [AUTH-DEBUG] Outgoing auth-related request: POST /auth/refresh
 [AUTH-DEBUG] /auth/refresh response status: 200
 [AUTH-DEBUG] /auth/refresh response data: Object
 [AUTH-DEBUG] Silent refresh SUCCESS — got new access token
 [AUTH-DEBUG] Silent refresh token owner (from JWT): brianoflondon
 [DEBUG-KeepSats] Successfully fetched and set currentKeepSats for brianoflondon net_sats: 2222
 Updating API status...
 API status updated: Proxy(Object)
 [AUTH-DEBUG] expireCheck() running... (checking for legacy expires only)
 storeUser.js: update called for brianoflondon
 storeUser.js: useHiveDetails returned Object
 [DEBUG-KeepSats] Successfully fetched and set currentKeepSats for brianoflondon net_sats: 2222
 [AUTH-DEBUG] expireCheck() running... (checking for legacy expires only)
 storeUser.js: update called for brianoflondon
 storeUser.js: useHiveDetails returned Object
 [DEBUG-KeepSats] Successfully fetched and set currentKeepSats for brianoflondon net_sats: 2222
 Updating API status...
 API status updated: Proxy(Object)
 [AUTH-DEBUG] expireCheck() running... (checking for legacy expires only)
 storeUser.js: update called for brianoflondon
storeUser-DqJLVa88.js:1 storeUser.js: useHiveDetails returned Object
storeUser-DqJLVa88.js:1 [DEBUG-KeepSats] Successfully fetched and set currentKeepSats for brianoflondon net_sats: 2222
storeUser-DqJLVa88.js:1 [AUTH-DEBUG] expireCheck() running... (checking for legacy expires only)
storeUser-DqJLVa88.js:1 storeUser.js: update called for brianoflondon
storeUser-DqJLVa88.js:1 storeUser.js: useHiveDetails returned Object
storeUser-DqJLVa88.js:1 [DEBUG-KeepSats] Successfully fetched and set currentKeepSats for brianoflondon net_sats: 2222
storeUser-DqJLVa88.js:1 Updating API status...
storeUser-DqJLVa88.js:1 API status updated: Proxy(Object)
storeUser-DqJLVa88.js:1 [AUTH-DEBUG] expireCheck() running... (checking for legacy expires only)
storeUser-DqJLVa88.js:1 storeUser.js: update called for brianoflondon
storeUser-DqJLVa88.js:1 storeUser.js: useHiveDetails returned Object
storeUser-DqJLVa88.js:1 [DEBUG-KeepSats] Successfully fetched and set currentKeepSats for brianoflondon net_sats: 2222
storeUser-DqJLVa88.js:1 [AUTH-DEBUG] expireCheck() running... (checking for legacy expires only)
storeUser-DqJLVa88.js:1 storeUser.js: update called for brianoflondon
storeUser-DqJLVa88.js:1 storeUser.js: useHiveDetails returned Object
devapi.v4v.app/v2/v4vapp/keepsats?useCache=false&transactions=false&admin=false:1  Failed to load resource: the server responded with a status of 401 ()
axios-Cx38pKSS.js:10 [AUTH-DEBUG] === Response ERROR intercepted === url: /v2/v4vapp/keepsats status: 401 instance base: https://devapi.v4v.app/
axios-Cx38pKSS.js:10 [AUTH-DEBUG] >>> 401/403 intercepted on: /v2/v4vapp/keepsats
axios-Cx38pKSS.js:10 [auth] 401 received — attempting silent refresh via HttpOnly cookie
axios-Cx38pKSS.js:10 [AUTH-DEBUG] Calling POST /auth/refresh (relying on HttpOnly cookie)
axios-Cx38pKSS.js:10 [AUTH-DEBUG] Outgoing auth-related request: POST /auth/refresh
axios-Cx38pKSS.js:10 [AUTH-DEBUG] /auth/refresh response status: 200
axios-Cx38pKSS.js:10 [AUTH-DEBUG] /auth/refresh response data: Object
axios-Cx38pKSS.js:10 [AUTH-DEBUG] Silent refresh SUCCESS — got new access token
axios-Cx38pKSS.js:10 [AUTH-DEBUG] Silent refresh token owner (from JWT): brianoflondon
storeUser-DqJLVa88.js:1 [DEBUG-KeepSats] Successfully fetched and set currentKeepSats for brianoflondon net_sats: 2222
storeUser-DqJLVa88.js:1 Updating API status...
storeUser-DqJLVa88.js:1 API status updated: Proxy(Object)
storeUser-DqJLVa88.js:1 [AUTH-DEBUG] expireCheck() running... (checking for legacy expires only)
storeUser-DqJLVa88.js:1 storeUser.js: update called for brianoflondon
storeUser-DqJLVa88.js:1 storeUser.js: useHiveDetails returned Object
storeUser-DqJLVa88.js:1 [DEBUG-KeepSats] Successfully fetched and set currentKeepSats for brianoflondon net_sats: 2222
storeUser-DqJLVa88.js:1 [AUTH-DEBUG] expireCheck() running... (checking for legacy expires only)
storeUser-DqJLVa88.js:1 storeUser.js: update called for brianoflondon
storeUser-DqJLVa88.js:1 storeUser.js: useHiveDetails returned Object
storeUser-DqJLVa88.js:1 [DEBUG-KeepSats] Successfully fetched and set currentKeepSats for brianoflondon net_sats: 2222
storeUser-DqJLVa88.js:1 [AUTH-DEBUG] expireCheck() running... (checking for legacy expires only)
storeUser-DqJLVa88.js:1 [AUTH-DEBUG] expireCheck() running... (checking for legacy expires only)
storeUser-DqJLVa88.js:1 storeUser.js: update called for v4vapp-test
UserList-vF987w5b.js:1 Copied to clipboard
storeUser-DqJLVa88.js:1 storeUser.js: useHiveDetails returned Object
devapi.v4v.app/v2/v4vapp/keepsats?useCache=true&transactions=false&admin=false:1  Failed to load resource: the server responded with a status of 401 ()
axios-Cx38pKSS.js:10 [AUTH-DEBUG] === Response ERROR intercepted === url: /v2/v4vapp/keepsats status: 401 instance base: https://devapi.v4v.app/
axios-Cx38pKSS.js:10 [AUTH-DEBUG] >>> 401/403 intercepted on: /v2/v4vapp/keepsats
axios-Cx38pKSS.js:10 [auth] 401 received — attempting silent refresh via HttpOnly cookie
axios-Cx38pKSS.js:10 [AUTH-DEBUG] Calling POST /auth/refresh (relying on HttpOnly cookie)
axios-Cx38pKSS.js:10 [AUTH-DEBUG] Outgoing auth-related request: POST /auth/refresh
axios-Cx38pKSS.js:10 [AUTH-DEBUG] /auth/refresh response status: 200
axios-Cx38pKSS.js:10 [AUTH-DEBUG] /auth/refresh response data: Object
axios-Cx38pKSS.js:10 [AUTH-DEBUG] Silent refresh SUCCESS — got new access token
axios-Cx38pKSS.js:10 [AUTH-DEBUG] Silent refresh token owner (from JWT): brianoflondon
storeUser-DqJLVa88.js:1 [AUTH-DEBUG] CRITICAL MISMATCH: Received keepsats data for the wrong user! currentUser: v4vapp-test response.hive_accname: brianoflondon This almost always means the Authorization header contained a token for a different account (cookie owner vs UI currentUser).
updateSatsBalance @ storeUser-DqJLVa88.js:1
storeUser-DqJLVa88.js:1 [AUTH-DEBUG] expireCheck() running... (checking for legacy expires only)
storeUser-DqJLVa88.js:1 [AUTH-DEBUG] expireCheck() running... (checking for legacy expires only)
storeUser-DqJLVa88.js:1 storeUser.js: update called for v4vapp
UserList-vF987w5b.js:1 Copied to clipboard
storeUser-DqJLVa88.js:1 storeUser.js: useHiveDetails returned {id: 1435301, name: 'v4vapp', owner: {…}, active: {…}, posting: {…}, …}
storeUser-DqJLVa88.js:1 Fetch finished loading: POST "https://api.hive.blog/".
De @ storeUser-DqJLVa88.js:1
I @ storeUser-DqJLVa88.js:1
te @ storeUser-DqJLVa88.js:1
update @ storeUser-DqJLVa88.js:1
E @ index-CDoK_IDp.js:2
t @ storeUser-DqJLVa88.js:1
switchUser @ storeUser-DqJLVa88.js:1
E @ index-CDoK_IDp.js:2
A @ UserList-vF987w5b.js:1
onClick @ UserList-vF987w5b.js:1
mo @ index-CDoK_IDp.js:2
ht @ index-CDoK_IDp.js:2
ed @ index-CDoK_IDp.js:2
_ @ index-CDoK_IDp.js:2
B @ QItem-CvLutQHt.js:1
mo @ index-CDoK_IDp.js:2
ht @ index-CDoK_IDp.js:2
n @ index-CDoK_IDp.js:2
c @ rocket-loader.min.js:1
storeUser-DqJLVa88.js:1 Fetch finished loading: POST "https://api.hive.blog/".
De @ storeUser-DqJLVa88.js:1
I @ storeUser-DqJLVa88.js:1
lr @ storeUser-DqJLVa88.js:1
x @ HiveInputAcc-CI0vU9bR.js:1
(anonymous) @ HiveInputAcc-CI0vU9bR.js:1
mo @ index-CDoK_IDp.js:2
ht @ index-CDoK_IDp.js:2
l.call @ index-CDoK_IDp.js:2
x @ index-CDoK_IDp.js:2
gs @ index-CDoK_IDp.js:2
F @ index-CDoK_IDp.js:2
U @ index-CDoK_IDp.js:2
run @ index-CDoK_IDp.js:2
z @ index-CDoK_IDp.js:2
P @ index-CDoK_IDp.js:2
y @ index-CDoK_IDp.js:2
me @ index-CDoK_IDp.js:2
O @ index-CDoK_IDp.js:2
q @ index-CDoK_IDp.js:2
I @ index-CDoK_IDp.js:2
y @ index-CDoK_IDp.js:2
U @ index-CDoK_IDp.js:2
run @ index-CDoK_IDp.js:2
runIfDirty @ index-CDoK_IDp.js:2
mo @ index-CDoK_IDp.js:2
Ra @ index-CDoK_IDp.js:2
Promise.then
ka @ index-CDoK_IDp.js:2
zi @ index-CDoK_IDp.js:2
l.scheduler @ index-CDoK_IDp.js:2
u.scheduler @ index-CDoK_IDp.js:2
trigger @ index-CDoK_IDp.js:2
Fi @ index-CDoK_IDp.js:2
notify @ index-CDoK_IDp.js:2
trigger @ index-CDoK_IDp.js:2
set value @ index-CDoK_IDp.js:2
set @ index-CDoK_IDp.js:2
set value @ index-CDoK_IDp.js:2
set @ index-CDoK_IDp.js:2
switchUser @ storeUser-DqJLVa88.js:1
E @ index-CDoK_IDp.js:2
A @ UserList-vF987w5b.js:1
onClick @ UserList-vF987w5b.js:1
mo @ index-CDoK_IDp.js:2
ht @ index-CDoK_IDp.js:2
ed @ index-CDoK_IDp.js:2
_ @ index-CDoK_IDp.js:2
B @ QItem-CvLutQHt.js:1
mo @ index-CDoK_IDp.js:2
ht @ index-CDoK_IDp.js:2
n @ index-CDoK_IDp.js:2
c @ rocket-loader.min.js:1
axios-Cx38pKSS.js:4  GET https://devapi.v4v.app/v2/v4vapp/keepsats?useCache=true&transactions=false&admin=false 401 (Unauthorized)
(anonymous) @ axios-Cx38pKSS.js:4
xhr @ axios-Cx38pKSS.js:4
Qe @ axios-Cx38pKSS.js:6
Promise.then
_request @ axios-Cx38pKSS.js:10
request @ axios-Cx38pKSS.js:6
I.<computed> @ axios-Cx38pKSS.js:10
(anonymous) @ axios-Cx38pKSS.js:2
Ot @ storeUser-DqJLVa88.js:1
updateSatsBalance @ storeUser-DqJLVa88.js:1
E @ index-CDoK_IDp.js:2
update @ storeUser-DqJLVa88.js:1
await in update
E @ index-CDoK_IDp.js:2
t @ storeUser-DqJLVa88.js:1
switchUser @ storeUser-DqJLVa88.js:1
E @ index-CDoK_IDp.js:2
A @ UserList-vF987w5b.js:1
onClick @ UserList-vF987w5b.js:1
mo @ index-CDoK_IDp.js:2
ht @ index-CDoK_IDp.js:2
ed @ index-CDoK_IDp.js:2
_ @ index-CDoK_IDp.js:2
B @ QItem-CvLutQHt.js:1
mo @ index-CDoK_IDp.js:2
ht @ index-CDoK_IDp.js:2
n @ index-CDoK_IDp.js:2
c @ rocket-loader.min.js:1
axios-Cx38pKSS.js:10 [AUTH-DEBUG] === Response ERROR intercepted === url: /v2/v4vapp/keepsats status: 401 instance base: https://devapi.v4v.app/
axios-Cx38pKSS.js:10 [AUTH-DEBUG] >>> 401/403 intercepted on: /v2/v4vapp/keepsats
axios-Cx38pKSS.js:10 [auth] 401 received — attempting silent refresh via HttpOnly cookie
axios-Cx38pKSS.js:10 [AUTH-DEBUG] Calling POST /auth/refresh (relying on HttpOnly cookie)
axios-Cx38pKSS.js:10 [AUTH-DEBUG] Outgoing auth-related request: POST /auth/refresh
axios-Cx38pKSS.js:4 XHR failed loading: GET "https://devapi.v4v.app/v2/v4vapp/keepsats?useCache=true&transactions=false&admin=false".
(anonymous) @ axios-Cx38pKSS.js:4
xhr @ axios-Cx38pKSS.js:4
Qe @ axios-Cx38pKSS.js:6
Promise.then
_request @ axios-Cx38pKSS.js:10
request @ axios-Cx38pKSS.js:6
I.<computed> @ axios-Cx38pKSS.js:10
(anonymous) @ axios-Cx38pKSS.js:2
Ot @ storeUser-DqJLVa88.js:1
updateSatsBalance @ storeUser-DqJLVa88.js:1
E @ index-CDoK_IDp.js:2
update @ storeUser-DqJLVa88.js:1
await in update
E @ index-CDoK_IDp.js:2
t @ storeUser-DqJLVa88.js:1
switchUser @ storeUser-DqJLVa88.js:1
E @ index-CDoK_IDp.js:2
A @ UserList-vF987w5b.js:1
onClick @ UserList-vF987w5b.js:1
mo @ index-CDoK_IDp.js:2
ht @ index-CDoK_IDp.js:2
ed @ index-CDoK_IDp.js:2
_ @ index-CDoK_IDp.js:2
B @ QItem-CvLutQHt.js:1
mo @ index-CDoK_IDp.js:2
ht @ index-CDoK_IDp.js:2
n @ index-CDoK_IDp.js:2
c @ rocket-loader.min.js:1
axios-Cx38pKSS.js:10 [AUTH-DEBUG] /auth/refresh response status: 200
axios-Cx38pKSS.js:10 [AUTH-DEBUG] /auth/refresh response data: {access_token: 'eyJhbGciOiJIUzI1NiIsInR5cCI6IkpXVCJ9.eyJ1c2VybmFtZ…9uIn0.Lz8xijRC_tp2_CEthXr-I0_dQ-WEeDVtMAu6saQwn10', token_type: 'bearer', expire: 1780208313}
axios-Cx38pKSS.js:10 [AUTH-DEBUG] Silent refresh SUCCESS — got new access token
axios-Cx38pKSS.js:10 [AUTH-DEBUG] Silent refresh token owner (from JWT): brianoflondon
axios-Cx38pKSS.js:4 XHR finished loading: POST "https://devapi.v4v.app/auth/refresh".
(anonymous) @ axios-Cx38pKSS.js:4
xhr @ axios-Cx38pKSS.js:4
Qe @ axios-Cx38pKSS.js:6
Promise.then
_request @ axios-Cx38pKSS.js:10
request @ axios-Cx38pKSS.js:6
(anonymous) @ axios-Cx38pKSS.js:10
(anonymous) @ axios-Cx38pKSS.js:2
Tt @ axios-Cx38pKSS.js:10
Promise.then
_request @ axios-Cx38pKSS.js:10
request @ axios-Cx38pKSS.js:6
I.<computed> @ axios-Cx38pKSS.js:10
(anonymous) @ axios-Cx38pKSS.js:2
Ot @ storeUser-DqJLVa88.js:1
updateSatsBalance @ storeUser-DqJLVa88.js:1
E @ index-CDoK_IDp.js:2
update @ storeUser-DqJLVa88.js:1
await in update
E @ index-CDoK_IDp.js:2
t @ storeUser-DqJLVa88.js:1
switchUser @ storeUser-DqJLVa88.js:1
E @ index-CDoK_IDp.js:2
A @ UserList-vF987w5b.js:1
onClick @ UserList-vF987w5b.js:1
mo @ index-CDoK_IDp.js:2
ht @ index-CDoK_IDp.js:2
ed @ index-CDoK_IDp.js:2
_ @ index-CDoK_IDp.js:2
B @ QItem-CvLutQHt.js:1
mo @ index-CDoK_IDp.js:2
ht @ index-CDoK_IDp.js:2
n @ index-CDoK_IDp.js:2
c @ rocket-loader.min.js:1
storeUser-DqJLVa88.js:1 [AUTH-DEBUG] CRITICAL MISMATCH: Received keepsats data for the wrong user! currentUser: v4vapp response.hive_accname: brianoflondon This almost always means the Authorization header contained a token for a different account (cookie owner vs UI currentUser).
updateSatsBalance @ storeUser-DqJLVa88.js:1
await in updateSatsBalance
E @ index-CDoK_IDp.js:2
update @ storeUser-DqJLVa88.js:1
await in update
E @ index-CDoK_IDp.js:2
t @ storeUser-DqJLVa88.js:1
switchUser @ storeUser-DqJLVa88.js:1
E @ index-CDoK_IDp.js:2
A @ UserList-vF987w5b.js:1
onClick @ UserList-vF987w5b.js:1
mo @ index-CDoK_IDp.js:2
ht @ index-CDoK_IDp.js:2
ed @ index-CDoK_IDp.js:2
_ @ index-CDoK_IDp.js:2
B @ QItem-CvLutQHt.js:1
mo @ index-CDoK_IDp.js:2
ht @ index-CDoK_IDp.js:2
n @ index-CDoK_IDp.js:2
c @ rocket-loader.min.js:1
axios-Cx38pKSS.js:4 XHR finished loading: GET "https://devapi.v4v.app/v2/v4vapp/keepsats?useCache=true&transactions=false&admin=false".
(anonymous) @ axios-Cx38pKSS.js:4
xhr @ axios-Cx38pKSS.js:4
Qe @ axios-Cx38pKSS.js:6
_request @ axios-Cx38pKSS.js:10
request @ axios-Cx38pKSS.js:6
(anonymous) @ axios-Cx38pKSS.js:2
Tt @ axios-Cx38pKSS.js:10
Promise.then
_request @ axios-Cx38pKSS.js:10
request @ axios-Cx38pKSS.js:6
I.<computed> @ axios-Cx38pKSS.js:10
(anonymous) @ axios-Cx38pKSS.js:2
Ot @ storeUser-DqJLVa88.js:1
updateSatsBalance @ storeUser-DqJLVa88.js:1
E @ index-CDoK_IDp.js:2
update @ storeUser-DqJLVa88.js:1
await in update
E @ index-CDoK_IDp.js:2
t @ storeUser-DqJLVa88.js:1
switchUser @ storeUser-DqJLVa88.js:1
E @ index-CDoK_IDp.js:2
A @ UserList-vF987w5b.js:1
onClick @ UserList-vF987w5b.js:1
mo @ index-CDoK_IDp.js:2
ht @ index-CDoK_IDp.js:2
ed @ index-CDoK_IDp.js:2
_ @ index-CDoK_IDp.js:2
B @ QItem-CvLutQHt.js:1
mo @ index-CDoK_IDp.js:2
ht @ index-CDoK_IDp.js:2
n @ index-CDoK_IDp.js:2
c @ rocket-loader.min.js:1
